   Γû▓ Next.js 14.1.0

   Creating an optimized production build ...
node.exe : <w> [webpack
.cache.PackFileCacheStr
ategy] Serializing big 
strings (143kiB) 
impacts 
deserialization 
performance (consider 
using Buffer instead 
and decode when needed)
At C:\Program Files\nod
ejs\npx.ps1:29 char:3
+   & $NODE_EXE 
$NPX_CLI_JS $args
+   ~~~~~~~~~~~~~~~~~~~
~~~~~~~~~~
    + CategoryInfo     
         : NotSpecifi  
  ed: (<w> [webpack.   
 ca...de when neede    
d):String) [], Rem    
oteException
    + FullyQualifiedEr 
   rorId : NativeComm  
  andError
 
 Γ£ô Compiled successfully
   Linting and checking validity of types ...
   Collecting page data ...
   Generating static pages (0/18) ...

 ΓÜá 
metadata.metadataBase 
is not set for 
resolving social open 
graph or twitter 
images, using "http://l
ocalhost:3000". See htt
ps://nextjs.org/docs/ap
p/api-reference/functio
ns/generate-metadata#me
tadatabase

 ΓÜá 
metadata.metadataBase 
is not set for 
resolving social open 
graph or twitter 
images, using "http://l
ocalhost:3000". See htt
ps://nextjs.org/docs/ap
p/api-reference/functio
ns/generate-metadata#me
tadatabase
Error: @supabase/ssr: 
Your project's URL and 
API key are required 
to create a Supabase 
client!

Check your Supabase 
project's API settings 
to find these values

https://supabase.com/da
shboard/project/_/setti
ngs/api
    at rI (E:\Digital P
ortfolio\frontend\.next
\server\chunks\645.js:3
7:55726)
    at 2829 
(E:\Digital Portfolio\f
rontend\.next\server\ap
p\(onboarding)\onboardi
ng\source\page.js:1:127
18)
    at t (E:\Digital Po
rtfolio\frontend\.next\
server\webpack-runtime.
js:1:127)
    at 8117 
(E:\Digital Portfolio\f
rontend\.next\server\ap
p\(onboarding)\onboardi
ng\source\page.js:1:805
2)
    at t (E:\Digital Po
rtfolio\frontend\.next\
server\webpack-runtime.
js:1:127)
    at 7096 
(E:\Digital Portfolio\f
rontend\.next\server\ap
p\(dashboard)\dashboard
\upload\page.js:1:2419)
    at t (E:\Digital Po
rtfolio\frontend\.next\
server\webpack-runtime.
js:1:127)
    at F (E:\Digital Po
rtfolio\frontend\node_m
odules\next\dist\compil
ed\next-server\app-page
.runtime.prod.js:12:946
93)
    at E:\Digital Portf
olio\frontend\node_modu
les\next\dist\compiled\
next-server\app-page.ru
ntime.prod.js:12:97108
    at W._fromJSON 
(E:\Digital Portfolio\f
rontend\node_modules\ne
xt\dist\compiled\next-s
erver\app-page.runtime.
prod.js:12:97546)

 ΓÜá 
metadata.metadataBase 
is not set for 
resolving social open 
graph or twitter 
images, using "http://l
ocalhost:3000". See htt
ps://nextjs.org/docs/ap
p/api-reference/functio
ns/generate-metadata#me
tadatabase
Error: @supabase/ssr: 
Your project's URL and 
API key are required 
to create a Supabase 
client!

Check your Supabase 
project's API settings 
to find these values

https://supabase.com/da
shboard/project/_/setti
ngs/api
    at rI (E:\Digital P
ortfolio\frontend\.next
\server\chunks\645.js:3
7:55726)
    at 2829 
(E:\Digital Portfolio\f
rontend\.next\server\ap
p\(auth)\login\page.js:
1:6214)
    at t (E:\Digital Po
rtfolio\frontend\.next\
server\webpack-runtime.
js:1:127)
    at 2978 
(E:\Digital Portfolio\f
rontend\.next\server\ap
p\(auth)\login\page.js:
1:2682)
    at t (E:\Digital Po
rtfolio\frontend\.next\
server\webpack-runtime.
js:1:127)
    at F (E:\Digital Po
rtfolio\frontend\node_m
odules\next\dist\compil
ed\next-server\app-page
.runtime.prod.js:12:946
93)
    at E:\Digital Portf
olio\frontend\node_modu
les\next\dist\compiled\
next-server\app-page.ru
ntime.prod.js:12:97108
    at W._fromJSON 
(E:\Digital Portfolio\f
rontend\node_modules\ne
xt\dist\compiled\next-s
erver\app-page.runtime.
prod.js:12:97546)
    at JSON.parse 
(<anonymous>)
    at N (E:\Digital Po
rtfolio\frontend\node_m
odules\next\dist\compil
ed\next-server\app-page
.runtime.prod.js:12:944
14)

 ΓÜá 
metadata.metadataBase 
is not set for 
resolving social open 
graph or twitter 
images, using "http://l
ocalhost:3000". See htt
ps://nextjs.org/docs/ap
p/api-reference/functio
ns/generate-metadata#me
tadatabase

 ΓÜá 
metadata.metadataBase 
is not set for 
resolving social open 
graph or twitter 
images, using "http://l
ocalhost:3000". See htt
ps://nextjs.org/docs/ap
p/api-reference/functio
ns/generate-metadata#me
tadatabase
Error: @supabase/ssr: 
Your project's URL and 
API key are required 
to create a Supabase 
client!

Check your Supabase 
project's API settings 
to find these values

https://supabase.com/da
shboard/project/_/setti
ngs/api
    at rI (E:\Digital P
ortfolio\frontend\.next
\server\chunks\645.js:3
7:55726)
    at 2829 
(E:\Digital Portfolio\f
rontend\.next\server\ch
unks\970.js:11:8877)
    at t (E:\Digital Po
rtfolio\frontend\.next\
server\webpack-runtime.
js:1:127)
    at 8117 
(E:\Digital Portfolio\f
rontend\.next\server\ch
unks\970.js:11:4822)
    at t (E:\Digital Po
rtfolio\frontend\.next\
server\webpack-runtime.
js:1:127)
    at 8166 
(E:\Digital Portfolio\f
rontend\.next\server\ap
p\(dashboard)\dashboard
\settings\page.js:16:32
2)
    at t (E:\Digital Po
rtfolio\frontend\.next\
server\webpack-runtime.
js:1:127)
    at F (E:\Digital Po
rtfolio\frontend\node_m
odules\next\dist\compil
ed\next-server\app-page
.runtime.prod.js:12:946
93)
    at E:\Digital Portf
olio\frontend\node_modu
les\next\dist\compiled\
next-server\app-page.ru
ntime.prod.js:12:97108
    at W._fromJSON 
(E:\Digital Portfolio\f
rontend\node_modules\ne
xt\dist\compiled\next-s
erver\app-page.runtime.
prod.js:12:97546)

Error occurred 
prerendering page 
"/dashboard/settings". 
Read more: https://next
js.org/docs/messages/pr
erender-error

Error: @supabase/ssr: 
Your project's URL and 
API key are required 
to create a Supabase 
client!

Check your Supabase 
project's API settings 
to find these values

https://supabase.com/da
shboard/project/_/setti
ngs/api
    at rI (E:\Digital P
ortfolio\frontend\.next
\server\chunks\645.js:3
7:55726)
    at 2829 
(E:\Digital Portfolio\f
rontend\.next\server\ch
unks\970.js:11:8877)
    at t (E:\Digital Po
rtfolio\frontend\.next\
server\webpack-runtime.
js:1:127)
    at 8117 
(E:\Digital Portfolio\f
rontend\.next\server\ch
unks\970.js:11:4822)
    at t (E:\Digital Po
rtfolio\frontend\.next\
server\webpack-runtime.
js:1:127)
    at 8166 
(E:\Digital Portfolio\f
rontend\.next\server\ap
p\(dashboard)\dashboard
\settings\page.js:16:32
2)
    at t (E:\Digital Po
rtfolio\frontend\.next\
server\webpack-runtime.
js:1:127)
    at F (E:\Digital Po
rtfolio\frontend\node_m
odules\next\dist\compil
ed\next-server\app-page
.runtime.prod.js:12:946
93)
    at E:\Digital Portf
olio\frontend\node_modu
les\next\dist\compiled\
next-server\app-page.ru
ntime.prod.js:12:97108
    at W._fromJSON 
(E:\Digital Portfolio\f
rontend\node_modules\ne
xt\dist\compiled\next-s
erver\app-page.runtime.
prod.js:12:97546)

 ΓÜá 
metadata.metadataBase 
is not set for 
resolving social open 
graph or twitter 
images, using "http://l
ocalhost:3000". See htt
ps://nextjs.org/docs/ap
p/api-reference/functio
ns/generate-metadata#me
tadatabase

   Generating static pages (4/18) 

 ΓÜá 
metadata.metadataBase 
is not set for 
resolving social open 
graph or twitter 
images, using "http://l
ocalhost:3000". See htt
ps://nextjs.org/docs/ap
p/api-reference/functio
ns/generate-metadata#me
tadatabase
Error: @supabase/ssr: 
Your project's URL and 
API key are required 
to create a Supabase 
client!

Check your Supabase 
project's API settings 
to find these values

https://supabase.com/da
shboard/project/_/setti
ngs/api
    at rI (E:\Digital P
ortfolio\frontend\.next
\server\chunks\645.js:3
7:55726)
    at 2829 
(E:\Digital Portfolio\f
rontend\.next\server\ap
p\(onboarding)\onboardi
ng\design\page.js:1:112
17)
    at t (E:\Digital Po
rtfolio\frontend\.next\
server\webpack-runtime.
js:1:127)
    at 8117 
(E:\Digital Portfolio\f
rontend\.next\server\ap
p\(onboarding)\onboardi
ng\design\page.js:1:655
1)
    at t (E:\Digital Po
rtfolio\frontend\.next\
server\webpack-runtime.
js:1:127)
    at 7293 
(E:\Digital Portfolio\f
rontend\.next\server\ap
p\(onboarding)\onboardi
ng\design\page.js:1:409
8)
    at t (E:\Digital Po
rtfolio\frontend\.next\
server\webpack-runtime.
js:1:127)
    at F (E:\Digital Po
rtfolio\frontend\node_m
odules\next\dist\compil
ed\next-server\app-page
.runtime.prod.js:12:946
93)
    at E:\Digital Portf
olio\frontend\node_modu
les\next\dist\compiled\
next-server\app-page.ru
ntime.prod.js:12:97108
    at W._fromJSON 
(E:\Digital Portfolio\f
rontend\node_modules\ne
xt\dist\compiled\next-s
erver\app-page.runtime.
prod.js:12:97546)

Error occurred 
prerendering page 
"/onboarding/design". 
Read more: https://next
js.org/docs/messages/pr
erender-error

Error: @supabase/ssr: 
Your project's URL and 
API key are required 
to create a Supabase 
client!

Check your Supabase 
project's API settings 
to find these values

https://supabase.com/da
shboard/project/_/setti
ngs/api
    at rI (E:\Digital P
ortfolio\frontend\.next
\server\chunks\645.js:3
7:55726)
    at 2829 
(E:\Digital Portfolio\f
rontend\.next\server\ap
p\(onboarding)\onboardi
ng\design\page.js:1:112
17)
    at t (E:\Digital Po
rtfolio\frontend\.next\
server\webpack-runtime.
js:1:127)
    at 8117 
(E:\Digital Portfolio\f
rontend\.next\server\ap
p\(onboarding)\onboardi
ng\design\page.js:1:655
1)
    at t (E:\Digital Po
rtfolio\frontend\.next\
server\webpack-runtime.
js:1:127)
    at 7293 
(E:\Digital Portfolio\f
rontend\.next\server\ap
p\(onboarding)\onboardi
ng\design\page.js:1:409
8)
    at t (E:\Digital Po
rtfolio\frontend\.next\
server\webpack-runtime.
js:1:127)
    at F (E:\Digital Po
rtfolio\frontend\node_m
odules\next\dist\compil
ed\next-server\app-page
.runtime.prod.js:12:946
93)
    at E:\Digital Portf
olio\frontend\node_modu
les\next\dist\compiled\
next-server\app-page.ru
ntime.prod.js:12:97108
    at W._fromJSON 
(E:\Digital Portfolio\f
rontend\node_modules\ne
xt\dist\compiled\next-s
erver\app-page.runtime.
prod.js:12:97546)

Error occurred 
prerendering page 
"/login". Read more: ht
tps://nextjs.org/docs/m
essages/prerender-error

Error: @supabase/ssr: 
Your project's URL and 
API key are required 
to create a Supabase 
client!

Check your Supabase 
project's API settings 
to find these values

https://supabase.com/da
shboard/project/_/setti
ngs/api
    at rI (E:\Digital P
ortfolio\frontend\.next
\server\chunks\645.js:3
7:55726)
    at 2829 
(E:\Digital Portfolio\f
rontend\.next\server\ap
p\(auth)\login\page.js:
1:6214)
    at t (E:\Digital Po
rtfolio\frontend\.next\
server\webpack-runtime.
js:1:127)
    at 2978 
(E:\Digital Portfolio\f
rontend\.next\server\ap
p\(auth)\login\page.js:
1:2682)
    at t (E:\Digital Po
rtfolio\frontend\.next\
server\webpack-runtime.
js:1:127)
    at F (E:\Digital Po
rtfolio\frontend\node_m
odules\next\dist\compil
ed\next-server\app-page
.runtime.prod.js:12:946
93)
    at E:\Digital Portf
olio\frontend\node_modu
les\next\dist\compiled\
next-server\app-page.ru
ntime.prod.js:12:97108
    at W._fromJSON 
(E:\Digital Portfolio\f
rontend\node_modules\ne
xt\dist\compiled\next-s
erver\app-page.runtime.
prod.js:12:97546)
    at JSON.parse 
(<anonymous>)
    at N (E:\Digital Po
rtfolio\frontend\node_m
odules\next\dist\compil
ed\next-server\app-page
.runtime.prod.js:12:944
14)

Error occurred 
prerendering page 
"/dashboard/upload". 
Read more: https://next
js.org/docs/messages/pr
erender-error

Error: @supabase/ssr: 
Your project's URL and 
API key are required 
to create a Supabase 
client!

Check your Supabase 
project's API settings 
to find these values

https://supabase.com/da
shboard/project/_/setti
ngs/api
    at rI (E:\Digital P
ortfolio\frontend\.next
\server\chunks\645.js:3
7:55726)
    at 2829 
(E:\Digital Portfolio\f
rontend\.next\server\ap
p\(onboarding)\onboardi
ng\source\page.js:1:127
18)
    at t (E:\Digital Po
rtfolio\frontend\.next\
server\webpack-runtime.
js:1:127)
    at 8117 
(E:\Digital Portfolio\f
rontend\.next\server\ap
p\(onboarding)\onboardi
ng\source\page.js:1:805
2)
    at t (E:\Digital Po
rtfolio\frontend\.next\
server\webpack-runtime.
js:1:127)
    at 7096 
(E:\Digital Portfolio\f
rontend\.next\server\ap
p\(dashboard)\dashboard
\upload\page.js:1:2419)
    at t (E:\Digital Po
rtfolio\frontend\.next\
server\webpack-runtime.
js:1:127)
    at F (E:\Digital Po
rtfolio\frontend\node_m
odules\next\dist\compil
ed\next-server\app-page
.runtime.prod.js:12:946
93)
    at E:\Digital Portf
olio\frontend\node_modu
les\next\dist\compiled\
next-server\app-page.ru
ntime.prod.js:12:97108
    at W._fromJSON 
(E:\Digital Portfolio\f
rontend\node_modules\ne
xt\dist\compiled\next-s
erver\app-page.runtime.
prod.js:12:97546)

   Generating static pages (8/18) 
Error: @supabase/ssr: 
Your project's URL and 
API key are required 
to create a Supabase 
client!

Check your Supabase 
project's API settings 
to find these values

https://supabase.com/da
shboard/project/_/setti
ngs/api
    at rI (E:\Digital P
ortfolio\frontend\.next
\server\chunks\645.js:3
7:55726)
    at 2829 
(E:\Digital Portfolio\f
rontend\.next\server\ap
p\(onboarding)\onboardi
ng\truth\page.js:11:803
6)
    at t (E:\Digital Po
rtfolio\frontend\.next\
server\webpack-runtime.
js:1:127)
    at 8117 
(E:\Digital Portfolio\f
rontend\.next\server\ap
p\(onboarding)\onboardi
ng\truth\page.js:11:337
0)
    at t (E:\Digital Po
rtfolio\frontend\.next\
server\webpack-runtime.
js:1:127)
    at 4989 
(E:\Digital Portfolio\f
rontend\.next\server\ap
p\(onboarding)\onboardi
ng\truth\page.js:11:278
)
    at t (E:\Digital Po
rtfolio\frontend\.next\
server\webpack-runtime.
js:1:127)
    at F (E:\Digital Po
rtfolio\frontend\node_m
odules\next\dist\compil
ed\next-server\app-page
.runtime.prod.js:12:946
93)
    at E:\Digital Portf
olio\frontend\node_modu
les\next\dist\compiled\
next-server\app-page.ru
ntime.prod.js:12:97108
    at W._fromJSON 
(E:\Digital Portfolio\f
rontend\node_modules\ne
xt\dist\compiled\next-s
erver\app-page.runtime.
prod.js:12:97546)

Error occurred 
prerendering page 
"/onboarding/truth". 
Read more: https://next
js.org/docs/messages/pr
erender-error

Error: @supabase/ssr: 
Your project's URL and 
API key are required 
to create a Supabase 
client!

Check your Supabase 
project's API settings 
to find these values

https://supabase.com/da
shboard/project/_/setti
ngs/api
    at rI (E:\Digital P
ortfolio\frontend\.next
\server\chunks\645.js:3
7:55726)
    at 2829 
(E:\Digital Portfolio\f
rontend\.next\server\ap
p\(onboarding)\onboardi
ng\truth\page.js:11:803
6)
    at t (E:\Digital Po
rtfolio\frontend\.next\
server\webpack-runtime.
js:1:127)
    at 8117 
(E:\Digital Portfolio\f
rontend\.next\server\ap
p\(onboarding)\onboardi
ng\truth\page.js:11:337
0)
    at t (E:\Digital Po
rtfolio\frontend\.next\
server\webpack-runtime.
js:1:127)
    at 4989 
(E:\Digital Portfolio\f
rontend\.next\server\ap
p\(onboarding)\onboardi
ng\truth\page.js:11:278
)
    at t (E:\Digital Po
rtfolio\frontend\.next\
server\webpack-runtime.
js:1:127)
    at F (E:\Digital Po
rtfolio\frontend\node_m
odules\next\dist\compil
ed\next-server\app-page
.runtime.prod.js:12:946
93)
    at E:\Digital Portf
olio\frontend\node_modu
les\next\dist\compiled\
next-server\app-page.ru
ntime.prod.js:12:97108
    at W._fromJSON 
(E:\Digital Portfolio\f
rontend\node_modules\ne
xt\dist\compiled\next-s
erver\app-page.runtime.
prod.js:12:97546)
Error: @supabase/ssr: 
Your project's URL and 
API key are required 
to create a Supabase 
client!

Check your Supabase 
project's API settings 
to find these values

https://supabase.com/da
shboard/project/_/setti
ngs/api
    at rI (E:\Digital P
ortfolio\frontend\.next
\server\chunks\645.js:3
7:55726)
    at 2829 
(E:\Digital Portfolio\f
rontend\.next\server\ch
unks\970.js:11:8877)
    at t (E:\Digital Po
rtfolio\frontend\.next\
server\webpack-runtime.
js:1:127)
    at 8117 
(E:\Digital Portfolio\f
rontend\.next\server\ch
unks\970.js:11:4822)
    at t (E:\Digital Po
rtfolio\frontend\.next\
server\webpack-runtime.
js:1:127)
    at 8841 
(E:\Digital Portfolio\f
rontend\.next\server\ap
p\(dashboard)\dashboard
\portfolios\page.js:1:2
414)
    at t (E:\Digital Po
rtfolio\frontend\.next\
server\webpack-runtime.
js:1:127)
    at F (E:\Digital Po
rtfolio\frontend\node_m
odules\next\dist\compil
ed\next-server\app-page
.runtime.prod.js:12:946
93)
    at E:\Digital Portf
olio\frontend\node_modu
les\next\dist\compiled\
next-server\app-page.ru
ntime.prod.js:12:97108
    at W._fromJSON 
(E:\Digital Portfolio\f
rontend\node_modules\ne
xt\dist\compiled\next-s
erver\app-page.runtime.
prod.js:12:97546)

Error occurred 
prerendering page "/das
hboard/portfolios". 
Read more: https://next
js.org/docs/messages/pr
erender-error

Error: @supabase/ssr: 
Your project's URL and 
API key are required 
to create a Supabase 
client!

Check your Supabase 
project's API settings 
to find these values

https://supabase.com/da
shboard/project/_/setti
ngs/api
    at rI (E:\Digital P
ortfolio\frontend\.next
\server\chunks\645.js:3
7:55726)
    at 2829 
(E:\Digital Portfolio\f
rontend\.next\server\ch
unks\970.js:11:8877)
    at t (E:\Digital Po
rtfolio\frontend\.next\
server\webpack-runtime.
js:1:127)
    at 8117 
(E:\Digital Portfolio\f
rontend\.next\server\ch
unks\970.js:11:4822)
    at t (E:\Digital Po
rtfolio\frontend\.next\
server\webpack-runtime.
js:1:127)
    at 8841 
(E:\Digital Portfolio\f
rontend\.next\server\ap
p\(dashboard)\dashboard
\portfolios\page.js:1:2
414)
    at t (E:\Digital Po
rtfolio\frontend\.next\
server\webpack-runtime.
js:1:127)
    at F (E:\Digital Po
rtfolio\frontend\node_m
odules\next\dist\compil
ed\next-server\app-page
.runtime.prod.js:12:946
93)
    at E:\Digital Portf
olio\frontend\node_modu
les\next\dist\compiled\
next-server\app-page.ru
ntime.prod.js:12:97108
    at W._fromJSON 
(E:\Digital Portfolio\f
rontend\node_modules\ne
xt\dist\compiled\next-s
erver\app-page.runtime.
prod.js:12:97546)
Error: @supabase/ssr: 
Your project's URL and 
API key are required 
to create a Supabase 
client!

Check your Supabase 
project's API settings 
to find these values

https://supabase.com/da
shboard/project/_/setti
ngs/api
    at rI (E:\Digital P
ortfolio\frontend\.next
\server\chunks\645.js:3
7:55726)
    at 2829 
(E:\Digital Portfolio\f
rontend\.next\server\ap
p\(onboarding)\onboardi
ng\source\page.js:1:127
18)
    at t (E:\Digital Po
rtfolio\frontend\.next\
server\webpack-runtime.
js:1:127)
    at 8117 
(E:\Digital Portfolio\f
rontend\.next\server\ap
p\(onboarding)\onboardi
ng\source\page.js:1:805
2)
    at t (E:\Digital Po
rtfolio\frontend\.next\
server\webpack-runtime.
js:1:127)
    at 8142 
(E:\Digital Portfolio\f
rontend\.next\server\ap
p\(onboarding)\onboardi
ng\source\page.js:1:412
8)
    at t (E:\Digital Po
rtfolio\frontend\.next\
server\webpack-runtime.
js:1:127)
    at F (E:\Digital Po
rtfolio\frontend\node_m
odules\next\dist\compil
ed\next-server\app-page
.runtime.prod.js:12:946
93)
    at E:\Digital Portf
olio\frontend\node_modu
les\next\dist\compiled\
next-server\app-page.ru
ntime.prod.js:12:97108
    at W._fromJSON 
(E:\Digital Portfolio\f
rontend\node_modules\ne
xt\dist\compiled\next-s
erver\app-page.runtime.
prod.js:12:97546)

Error occurred 
prerendering page 
"/onboarding/source". 
Read more: https://next
js.org/docs/messages/pr
erender-error

Error: @supabase/ssr: 
Your project's URL and 
API key are required 
to create a Supabase 
client!

Check your Supabase 
project's API settings 
to find these values

https://supabase.com/da
shboard/project/_/setti
ngs/api
    at rI (E:\Digital P
ortfolio\frontend\.next
\server\chunks\645.js:3
7:55726)
    at 2829 
(E:\Digital Portfolio\f
rontend\.next\server\ap
p\(onboarding)\onboardi
ng\source\page.js:1:127
18)
    at t (E:\Digital Po
rtfolio\frontend\.next\
server\webpack-runtime.
js:1:127)
    at 8117 
(E:\Digital Portfolio\f
rontend\.next\server\ap
p\(onboarding)\onboardi
ng\source\page.js:1:805
2)
    at t (E:\Digital Po
rtfolio\frontend\.next\
server\webpack-runtime.
js:1:127)
    at 8142 
(E:\Digital Portfolio\f
rontend\.next\server\ap
p\(onboarding)\onboardi
ng\source\page.js:1:412
8)
    at t (E:\Digital Po
rtfolio\frontend\.next\
server\webpack-runtime.
js:1:127)
    at F (E:\Digital Po
rtfolio\frontend\node_m
odules\next\dist\compil
ed\next-server\app-page
.runtime.prod.js:12:946
93)
    at E:\Digital Portf
olio\frontend\node_modu
les\next\dist\compiled\
next-server\app-page.ru
ntime.prod.js:12:97108
    at W._fromJSON 
(E:\Digital Portfolio\f
rontend\node_modules\ne
xt\dist\compiled\next-s
erver\app-page.runtime.
prod.js:12:97546)
Error: @supabase/ssr: 
Your project's URL and 
API key are required 
to create a Supabase 
client!

Check your Supabase 
project's API settings 
to find these values

https://supabase.com/da
shboard/project/_/setti
ngs/api
    at rI (E:\Digital P
ortfolio\frontend\.next
\server\chunks\645.js:3
7:55726)
    at 2829 
(E:\Digital Portfolio\f
rontend\.next\server\ap
p\(auth)\signup\page.js
:1:7129)
    at t (E:\Digital Po
rtfolio\frontend\.next\
server\webpack-runtime.
js:1:127)
    at 6978 
(E:\Digital Portfolio\f
rontend\.next\server\ap
p\(auth)\signup\page.js
:1:2708)
    at t (E:\Digital Po
rtfolio\frontend\.next\
server\webpack-runtime.
js:1:127)
    at F (E:\Digital Po
rtfolio\frontend\node_m
odules\next\dist\compil
ed\next-server\app-page
.runtime.prod.js:12:946
93)
    at E:\Digital Portf
olio\frontend\node_modu
les\next\dist\compiled\
next-server\app-page.ru
ntime.prod.js:12:97108
    at W._fromJSON 
(E:\Digital Portfolio\f
rontend\node_modules\ne
xt\dist\compiled\next-s
erver\app-page.runtime.
prod.js:12:97546)
    at JSON.parse 
(<anonymous>)
    at N (E:\Digital Po
rtfolio\frontend\node_m
odules\next\dist\compil
ed\next-server\app-page
.runtime.prod.js:12:944
14)

Error occurred 
prerendering page 
"/signup". Read more: h
ttps://nextjs.org/docs/
messages/prerender-erro
r

Error: @supabase/ssr: 
Your project's URL and 
API key are required 
to create a Supabase 
client!

Check your Supabase 
project's API settings 
to find these values

https://supabase.com/da
shboard/project/_/setti
ngs/api
    at rI (E:\Digital P
ortfolio\frontend\.next
\server\chunks\645.js:3
7:55726)
    at 2829 
(E:\Digital Portfolio\f
rontend\.next\server\ap
p\(auth)\signup\page.js
:1:7129)
    at t (E:\Digital Po
rtfolio\frontend\.next\
server\webpack-runtime.
js:1:127)
    at 6978 
(E:\Digital Portfolio\f
rontend\.next\server\ap
p\(auth)\signup\page.js
:1:2708)
    at t (E:\Digital Po
rtfolio\frontend\.next\
server\webpack-runtime.
js:1:127)
    at F (E:\Digital Po
rtfolio\frontend\node_m
odules\next\dist\compil
ed\next-server\app-page
.runtime.prod.js:12:946
93)
    at E:\Digital Portf
olio\frontend\node_modu
les\next\dist\compiled\
next-server\app-page.ru
ntime.prod.js:12:97108
    at W._fromJSON 
(E:\Digital Portfolio\f
rontend\node_modules\ne
xt\dist\compiled\next-s
erver\app-page.runtime.
prod.js:12:97546)
    at JSON.parse 
(<anonymous>)
    at N (E:\Digital Po
rtfolio\frontend\node_m
odules\next\dist\compil
ed\next-server\app-page
.runtime.prod.js:12:944
14)
Error: @supabase/ssr: 
Your project's URL and 
API key are required 
to create a Supabase 
client!

Check your Supabase 
project's API settings 
to find these values

https://supabase.com/da
shboard/project/_/setti
ngs/api
    at rI (E:\Digital P
ortfolio\frontend\.next
\server\chunks\645.js:3
7:55726)
    at 2829 
(E:\Digital Portfolio\f
rontend\.next\server\ap
p\page.js:21:25946)
    at t (E:\Digital Po
rtfolio\frontend\.next\
server\webpack-runtime.
js:1:127)
    at 8117 
(E:\Digital Portfolio\f
rontend\.next\server\ap
p\page.js:21:21891)
    at t (E:\Digital Po
rtfolio\frontend\.next\
server\webpack-runtime.
js:1:127)
    at 2078 
(E:\Digital Portfolio\f
rontend\.next\server\ap
p\page.js:21:113)
    at t (E:\Digital Po
rtfolio\frontend\.next\
server\webpack-runtime.
js:1:127)

   Generating static pages (13/18) 
    at F (E:\Digital Po
rtfolio\frontend\node_m
odules\next\dist\compil
ed\next-server\app-page
.runtime.prod.js:12:946
93)
    at E:\Digital Portf
olio\frontend\node_modu
les\next\dist\compiled\
next-server\app-page.ru
ntime.prod.js:12:97108
    at W._fromJSON 
(E:\Digital Portfolio\f
rontend\node_modules\ne
xt\dist\compiled\next-s
erver\app-page.runtime.
prod.js:12:97546)

Error occurred 
prerendering page "/". 
Read more: https://next
js.org/docs/messages/pr
erender-error

Error: @supabase/ssr: 
Your project's URL and 
API key are required 
to create a Supabase 
client!

Check your Supabase 
project's API settings 
to find these values

https://supabase.com/da
shboard/project/_/setti
ngs/api
    at rI (E:\Digital P
ortfolio\frontend\.next
\server\chunks\645.js:3
7:55726)
    at 2829 
(E:\Digital Portfolio\f
rontend\.next\server\ap
p\page.js:21:25946)
    at t (E:\Digital Po
rtfolio\frontend\.next\
server\webpack-runtime.
js:1:127)
    at 8117 
(E:\Digital Portfolio\f
rontend\.next\server\ap
p\page.js:21:21891)
    at t (E:\Digital Po
rtfolio\frontend\.next\
server\webpack-runtime.
js:1:127)
    at 2078 
(E:\Digital Portfolio\f
rontend\.next\server\ap
p\page.js:21:113)
    at t (E:\Digital Po
rtfolio\frontend\.next\
server\webpack-runtime.
js:1:127)
    at F (E:\Digital Po
rtfolio\frontend\node_m
odules\next\dist\compil
ed\next-server\app-page
.runtime.prod.js:12:946
93)
    at E:\Digital Portf
olio\frontend\node_modu
les\next\dist\compiled\
next-server\app-page.ru
ntime.prod.js:12:97108
    at W._fromJSON 
(E:\Digital Portfolio\f
rontend\node_modules\ne
xt\dist\compiled\next-s
erver\app-page.runtime.
prod.js:12:97546)
Error: @supabase/ssr: 
Your project's URL and 
API key are required 
to create a Supabase 
client!

Check your Supabase 
project's API settings 
to find these values

https://supabase.com/da
shboard/project/_/setti
ngs/api
    at rI (E:\Digital P
ortfolio\frontend\.next
\server\chunks\645.js:3
7:55726)
    at 2829 
(E:\Digital Portfolio\f
rontend\.next\server\ap
p\builder\[id]\page.js:
6:9170)
    at t (E:\Digital Po
rtfolio\frontend\.next\
server\webpack-runtime.
js:1:127)
    at 8117 
(E:\Digital Portfolio\f
rontend\.next\server\ap
p\builder\[id]\page.js:
6:5115)
    at t (E:\Digital Po
rtfolio\frontend\.next\
server\webpack-runtime.
js:1:127)
    at 9821 
(E:\Digital Portfolio\f
rontend\.next\server\ap
p\(dashboard)\dashboard
\page.js:6:165)
    at t (E:\Digital Po
rtfolio\frontend\.next\
server\webpack-runtime.
js:1:127)
    at F (E:\Digital Po
rtfolio\frontend\node_m
odules\next\dist\compil
ed\next-server\app-page
.runtime.prod.js:12:946
93)
    at E:\Digital Portf
olio\frontend\node_modu
les\next\dist\compiled\
next-server\app-page.ru
ntime.prod.js:12:97108
    at W._fromJSON 
(E:\Digital Portfolio\f
rontend\node_modules\ne
xt\dist\compiled\next-s
erver\app-page.runtime.
prod.js:12:97546)

Error occurred 
prerendering page 
"/dashboard". Read 
more: https://nextjs.or
g/docs/messages/prerend
er-error

Error: @supabase/ssr: 
Your project's URL and 
API key are required 
to create a Supabase 
client!

Check your Supabase 
project's API settings 
to find these values

https://supabase.com/da
shboard/project/_/setti
ngs/api
    at rI (E:\Digital P
ortfolio\frontend\.next
\server\chunks\645.js:3
7:55726)
    at 2829 
(E:\Digital Portfolio\f
rontend\.next\server\ap
p\builder\[id]\page.js:
6:9170)
    at t (E:\Digital Po
rtfolio\frontend\.next\
server\webpack-runtime.
js:1:127)
    at 8117 
(E:\Digital Portfolio\f
rontend\.next\server\ap
p\builder\[id]\page.js:
6:5115)
    at t (E:\Digital Po
rtfolio\frontend\.next\
server\webpack-runtime.
js:1:127)
    at 9821 
(E:\Digital Portfolio\f
rontend\.next\server\ap
p\(dashboard)\dashboard
\page.js:6:165)
    at t (E:\Digital Po
rtfolio\frontend\.next\
server\webpack-runtime.
js:1:127)
    at F (E:\Digital Po
rtfolio\frontend\node_m
odules\next\dist\compil
ed\next-server\app-page
.runtime.prod.js:12:946
93)
    at E:\Digital Portf
olio\frontend\node_modu
les\next\dist\compiled\
next-server\app-page.ru
ntime.prod.js:12:97108
    at W._fromJSON 
(E:\Digital Portfolio\f
rontend\node_modules\ne
xt\dist\compiled\next-s
erver\app-page.runtime.
prod.js:12:97546)

 Γ£ô Generating static pages (18/18) 

> Export encountered 
errors on following 
paths:
	/(auth)/login/page: 
/login
	/(auth)/signup/page: 
/signup
	/(dashboard)/dashboard
/page: /dashboard
	/(dashboard)/dashboard
/portfolios/page: 
/dashboard/portfolios
	/(dashboard)/dashboard
/settings/page: 
/dashboard/settings
	/(dashboard)/dashboard
/upload/page: 
/dashboard/upload
	/(onboarding)/onboardi
ng/design/page: 
/onboarding/design
	/(onboarding)/onboardi
ng/source/page: 
/onboarding/source
	/(onboarding)/onboardi
ng/truth/page: 
/onboarding/truth
	/page: /
